[GUI-BOOT] 0/4 进入 main(); sys.argv=['gui/app.py']
[GUI-BOOT] 1/4 QApplication 创建中...
[GUI-BOOT] 2/4 MainWindow 构造中...
[GUI-BOOT] 3/4 show() 调用中...
[GUI-BOOT] 4/4 进入事件循环（窗口应已弹出）
[GUI-BOOT] 事件循环退出 rc=0
[GUI-BOOT] 0/4 进入 main(); sys.argv=['gui/app.py']
[GUI-BOOT] 1/4 QApplication 创建中...
[GUI-BOOT] 2/4 MainWindow 构造中...
[GUI-BOOT] 3/4 show() 调用中...
[GUI-BOOT] 4/4 进入事件循环（窗口应已弹出）
[GUI-BOOT] 事件循环退出 rc=0
[GUI-BOOT] 0/4 进入 main(); sys.argv=['gui/app.py']
[GUI-BOOT] 1/4 QApplication 创建中...
[GUI-BOOT] 2/4 MainWindow 构造中...
[GUI-BOOT] 3/4 show() 调用中...
[GUI-BOOT] 4/4 进入事件循环（窗口应已弹出）
[GUI-BOOT] 事件循环退出 rc=0
[GUI-BOOT] 0/4 进入 main(); sys.argv=['gui/app.py']
[GUI-BOOT] 1/4 QApplication 创建中...
[GUI-BOOT] 2/4 MainWindow 构造中...
[GUI-BOOT] 3/4 show() 调用中...
[GUI-BOOT] 4/4 进入事件循环（窗口应已弹出）
[GUI-BOOT] 事件循环退出 rc=0
[GUI-BOOT] 0/4 进入 main(); sys.argv=['gui/app.py']
[GUI-BOOT] 1/4 QApplication 创建中...
[GUI-BOOT] 2/4 MainWindow 构造中...
[GUI-BOOT] 3/4 show() 调用中...
[GUI-BOOT] 4/4 进入事件循环（窗口应已弹出）
[GUI-BOOT] 事件循环退出 rc=0
[GUI-BOOT] 0/4 进入 main(); sys.argv=['gui/app.py']
[GUI-BOOT] 1/4 QApplication 创建中...
[GUI-BOOT] 2/4 MainWindow 构造中...
[GUI-BOOT] 3/4 show() 调用中...
[GUI-BOOT] 4/4 进入事件循环（窗口应已弹出）
[GUI-BOOT] 事件循环退出 rc=0
[GUI-BOOT] 0/4 进入 main(); sys.argv=['gui/app.py']
[GUI-BOOT] 1/4 QApplication 创建中...
[GUI-BOOT] 2/4 MainWindow 构造中...
[GUI-BOOT] 3/4 show() 调用中...
[GUI-BOOT] 4/4 进入事件循环（窗口应已弹出）
[GUI-BOOT] 事件循环退出 rc=0
[GUI-BOOT] 0/4 进入 main(); sys.argv=['gui/app.py']
[GUI-BOOT] 1/4 QApplication 创建中...
[GUI-BOOT] 2/4 MainWindow 构造中...
[GUI-BOOT] 3/4 show() 调用中...
[GUI-BOOT] 4/4 进入事件循环（窗口应已弹出）
[GUI-BOOT] 事件循环退出 rc=0
[GUI-BOOT] 0/4 进入 main(); sys.argv=['gui/app.py']
[GUI-BOOT] 1/4 QApplication 创建中...
[GUI-BOOT] 2/4 MainWindow 构造中...
[GUI-BOOT] 3/4 show() 调用中...
[GUI-BOOT] 4/4 进入事件循环（窗口应已弹出）
[GUI-BOOT] 0/4 进入 main(); sys.argv=['gui/app.py']
[GUI-BOOT] 1/4 QApplication 创建中...
[GUI-BOOT] 2/4 MainWindow 构造中...
[GUI-BOOT] 3/4 show() 调用中...
[GUI-BOOT] 4/4 进入事件循环（窗口应已弹出）
[GUI-BOOT] 事件循环退出 rc=0
[GUI-BOOT] 0/4 进入 main(); sys.argv=['gui/app.py']
[GUI-BOOT] 1/4 QApplication 创建中...
[GUI-BOOT] 2/4 MainWindow 构造中...
[GUI-BOOT] 3/4 show() 调用中...
[GUI-BOOT] 4/4 进入事件循环（窗口应已弹出）
[GUI-BOOT] 0/4 进入 main(); sys.argv=['gui/app.py']
[GUI-BOOT] 1/4 QApplication 创建中...
[GUI-BOOT] 2/4 MainWindow 构造中...
[GUI-BOOT] 3/4 show() 调用中...
[GUI-BOOT] 4/4 进入事件循环（窗口应已弹出）
[GUI-BOOT] 事件循环退出 rc=0
[GUI-BOOT] 0/4 进入 main(); sys.argv=['gui/app.py']
[GUI-BOOT] 1/4 QApplication 创建中...
[GUI-BOOT] 2/4 MainWindow 构造中...
[GUI-BOOT] 3/4 show() 调用中...
[GUI-BOOT] 4/4 进入事件循环（窗口应已弹出）
[GUI-BOOT] 事件循环退出 rc=0
[GUI-BOOT] 0/4 进入 main(); sys.argv=['gui/app.py']
[GUI-BOOT] 1/4 QApplication 创建中...
[GUI-BOOT] 2/4 MainWindow 构造中...
[GUI-BOOT] 3/4 show() 调用中...
[GUI-BOOT] 4/4 进入事件循环（窗口应已弹出）
[GUI-BOOT] 0/4 进入 main(); sys.argv=['gui/app.py']
[GUI-BOOT] 1/4 QApplication 创建中...
[GUI-BOOT] 2/4 MainWindow 构造中...
[GUI-BOOT] 3/4 show() 调用中...
[GUI-BOOT] 4/4 进入事件循环（窗口应已弹出）
[GUI-BOOT] 事件循环退出 rc=0
[GUI-BOOT] 0/4 进入 main(); sys.argv=['gui\\app.py']
[GUI-BOOT] 1/4 QApplication 创建中...
[GUI-BOOT] 2/4 MainWindow 构造中...
[GUI-BOOT] 3/4 show() 调用中...
[GUI-BOOT] 4/4 进入事件循环（窗口应已弹出）
[GUI-BOOT] 事件循环退出 rc=0
[GUI-BOOT] 0/4 进入 main(); sys.argv=['gui/app.py']
[GUI-BOOT] 1/4 QApplication 创建中...
[GUI-BOOT] 2/4 MainWindow 构造中...
[GUI-BOOT] 3/4 show() 调用中...
[GUI-BOOT] 4/4 进入事件循环（窗口应已弹出）
[GUI-BOOT] 事件循环退出 rc=0
[GUI-BOOT] 0/4 进入 main(); sys.argv=['gui/app.py']
[GUI-BOOT] 1/4 QApplication 创建中...
[GUI-BOOT] 2/4 MainWindow 构造中...
[GUI-BOOT] 3/4 show() 调用中...
[GUI-BOOT] 4/4 进入事件循环（窗口应已弹出）
[GUI-BOOT] 0/4 进入 main(); sys.argv=['gui/app.py']
[GUI-BOOT] 1/4 QApplication 创建中...
[GUI-BOOT] 2/4 MainWindow 构造中...
[GUI-BOOT] 3/4 show() 调用中...
[GUI-BOOT] 4/4 进入事件循环（窗口应已弹出）
[GUI-BOOT] 0/4 进入 main(); sys.argv=['gui/app.py']
[GUI-BOOT] 1/4 QApplication 创建中...
[GUI-BOOT] 2/4 MainWindow 构造中...
[GUI-BOOT] 3/4 show() 调用中...
[GUI-BOOT] 4/4 进入事件循环（窗口应已弹出）
[GUI-BOOT] 事件循环退出 rc=0
[GUI-BOOT] 事件循环退出 rc=0
[GUI-BOOT] 0/4 进入 main(); sys.argv=['gui\\app.py']
[GUI-BOOT] 1/4 QApplication 创建中...
[GUI-BOOT] 2/4 MainWindow 构造中...
[GUI-BOOT] 3/4 show() 调用中...
[GUI-BOOT] 4/4 进入事件循环（窗口应已弹出）
[GUI-BOOT] 事件循环退出 rc=0
[GUI-BOOT] 0/4 进入 main(); sys.argv=['gui\\app.py']
[GUI-BOOT] 1/4 QApplication 创建中...
[GUI-BOOT] 2/4 MainWindow 构造中...
[GUI-BOOT] 0/4 进入 main(); sys.argv=['gui/app.py']
[GUI-BOOT] 1/4 QApplication 创建中...
[GUI-BOOT] 2/4 MainWindow 构造中...
[GUI-BOOT] 3/4 show() 调用中...
[GUI-BOOT] 4/4 进入事件循环（窗口应已弹出）
[GUI-BOOT] 3/4 show() 调用中...
[GUI-BOOT] 4/4 进入事件循环（窗口应已弹出）
[GUI-BOOT] 事件循环退出 rc=0
[GUI-BOOT] 0/4 进入 main(); sys.argv=['gui\\app.py']
[GUI-BOOT] 1/4 QApplication 创建中...
[GUI-BOOT] 2/4 MainWindow 构造中...
[GUI-BOOT] 3/4 show() 调用中...
[GUI-BOOT] 4/4 进入事件循环（窗口应已弹出）
[GUI-BOOT] 事件循环退出 rc=0
[GUI-BOOT] 0/4 进入 main(); sys.argv=['gui\\app.py']
[GUI-BOOT] 1/4 QApplication 创建中...
[GUI-BOOT] 2/4 MainWindow 构造中...
[GUI-BOOT] 3/4 show() 调用中...
[GUI-BOOT] 4/4 进入事件循环（窗口应已弹出）
[GUI-BOOT] 事件循环退出 rc=0
[GUI-BOOT] 0/4 进入 main(); sys.argv=['gui\\app.py']
[GUI-BOOT] 1/4 QApplication 创建中...
[GUI-BOOT] 2/4 MainWindow 构造中...
[GUI-BOOT] 3/4 show() 调用中...
[GUI-BOOT] 4/4 进入事件循环（窗口应已弹出）
[GUI-BOOT] 事件循环退出 rc=0
[GUI-BOOT] 0/4 进入 main(); sys.argv=['gui\\app.py']
[GUI-BOOT] 1/4 QApplication 创建中...
[GUI-BOOT] 2/4 MainWindow 构造中...
[GUI-BOOT] 3/4 show() 调用中...
[GUI-BOOT] 4/4 进入事件循环（窗口应已弹出）
[GUI-BOOT] 事件循环退出 rc=0
[GUI-BOOT] 0/4 进入 main(); sys.argv=['gui\\app.py']
[GUI-BOOT] 1/4 QApplication 创建中...
[GUI-BOOT] 2/4 MainWindow 构造中...
[GUI-BOOT] 3/4 show() 调用中...
[GUI-BOOT] 4/4 进入事件循环（窗口应已弹出）
[GUI-BOOT] 事件循环退出 rc=0
[GUI-BOOT] 0/4 进入 main(); sys.argv=['gui\\app.py']
[GUI-BOOT] 1/4 QApplication 创建中...
[GUI-BOOT] 2/4 MainWindow 构造中...
[GUI-BOOT] 3/4 show() 调用中...
[GUI-BOOT] 4/4 进入事件循环（窗口应已弹出）
[GUI-BOOT] 事件循环退出 rc=0
[GUI-BOOT] 0/4 进入 main(); sys.argv=['gui\\app.py']
[GUI-BOOT] 1/4 QApplication 创建中...
[GUI-BOOT] 2/4 MainWindow 构造中...
[GUI-BOOT] 3/4 show() 调用中...
[GUI-BOOT] 4/4 进入事件循环（窗口应已弹出）
[GUI-BOOT] 事件循环退出 rc=0
[GUI-BOOT] 0/4 进入 main(); sys.argv=['gui\\app.py']
[GUI-BOOT] 1/4 QApplication 创建中...
[GUI-BOOT] 2/4 MainWindow 构造中...
[GUI-BOOT] 3/4 show() 调用中...
[GUI-BOOT] 4/4 进入事件循环（窗口应已弹出）
[GUI-BOOT] 事件循环退出 rc=0
[GUI-BOOT] 0/4 进入 main(); sys.argv=['gui\\app.py']
[GUI-BOOT] 0/4 进入 main(); sys.argv=['gui\\app.py']
[GUI-BOOT] 1/4 QApplication 创建中...
[GUI-BOOT] 1/4 QApplication 创建中...
[GUI-BOOT] 2/4 MainWindow 构造中...
[GUI-BOOT] 2/4 MainWindow 构造中...
[GUI-BOOT] 3/4 show() 调用中...
[GUI-BOOT] 3/4 show() 调用中...
[GUI-BOOT] 4/4 进入事件循环（窗口应已弹出）
[GUI-BOOT] 4/4 进入事件循环（窗口应已弹出）
[GUI-BOOT] 事件循环退出 rc=0
[GUI-BOOT] 事件循环退出 rc=0
[GUI-BOOT] 0/4 进入 main(); sys.argv=['gui\\app.py']
[GUI-BOOT] 1/4 QApplication 创建中...
[GUI-BOOT] 2/4 MainWindow 构造中...
[GUI-BOOT] 3/4 show() 调用中...
[GUI-BOOT] 4/4 进入事件循环（窗口应已弹出）
[GUI-BOOT] 事件循环退出 rc=0
[GUI-BOOT] 0/4 进入 main(); sys.argv=['gui\\app.py']
[GUI-BOOT] 1/4 QApplication 创建中...
[GUI-BOOT] 2/4 MainWindow 构造中...
[GUI-BOOT] 3/4 show() 调用中...
[GUI-BOOT] 4/4 进入事件循环（窗口应已弹出）
[GUI-BOOT] 事件循环退出 rc=0
